[debug] [2026-04-25T19:42:32.676Z] ----------------------------------------------------------------------
[debug] [2026-04-25T19:42:32.677Z] Command:       /home/rcjasub/.nvm/versions/node/v24.12.0/bin/node /home/rcjasub/.nvm/versions/node/v24.12.0/bin/firebase init
[debug] [2026-04-25T19:42:32.677Z] CLI Version:   15.15.0
[debug] [2026-04-25T19:42:32.677Z] Platform:      linux
[debug] [2026-04-25T19:42:32.677Z] Node Version:  v24.12.0
[debug] [2026-04-25T19:42:32.677Z] Time:          Sat Apr 25 2026 15:42:32 GMT-0400 (Eastern Daylight Time)
[debug] [2026-04-25T19:42:32.677Z] ----------------------------------------------------------------------
[debug] 
[info] 
     ######## #### ########  ######## ########     ###     ######  ########
     ##        ##  ##     ## ##       ##     ##  ##   ##  ##       ##
     ######    ##  ########  ######   ########  #########  ######  ######
     ##        ##  ##    ##  ##       ##     ## ##     ##       ## ##
     ##       #### ##     ## ######## ########  ##     ##  ######  ########

You're about to initialize a Firebase project in this directory:

  /home/rcjasub/Documents/github/Hunter-Hacks

[debug] [2026-04-25T19:42:49.806Z] ExitPromptError: User force closed the prompt with SIGINT
    at Interface.sigint (/home/rcjasub/.nvm/versions/node/v24.12.0/lib/node_modules/firebase-tools/node_modules/@inquirer/core/dist/commonjs/lib/create-prompt.js:101:37)
    at Interface.emit (node:events:508:28)
    at [_ttyWrite] [as _ttyWrite] (node:internal/readline/interface:1327:18)
    at ReadStream.onkeypress (node:internal/readline/interface:284:20)
    at ReadStream.emit (node:events:520:35)
    at emitKeys (node:internal/readline/utils:371:14)
    at emitKeys.next (<anonymous>)
    at ReadStream.onData (node:internal/readline/emitKeypressEvents:64:36)
    at ReadStream.emit (node:events:508:28)
    at addChunk (node:internal/streams/readable:559:12)
[error] 
[error] Error: An unexpected error has occurred.
[debug] [2026-04-25T19:43:26.831Z] ----------------------------------------------------------------------
[debug] [2026-04-25T19:43:26.832Z] Command:       /home/rcjasub/.nvm/versions/node/v24.12.0/bin/node /home/rcjasub/.nvm/versions/node/v24.12.0/bin/firebase init
[debug] [2026-04-25T19:43:26.832Z] CLI Version:   15.15.0
[debug] [2026-04-25T19:43:26.832Z] Platform:      linux
[debug] [2026-04-25T19:43:26.832Z] Node Version:  v24.12.0
[debug] [2026-04-25T19:43:26.832Z] Time:          Sat Apr 25 2026 15:43:26 GMT-0400 (Eastern Daylight Time)
[debug] [2026-04-25T19:43:26.832Z] ----------------------------------------------------------------------
[debug] 
[info] 
     ######## #### ########  ######## ########     ###     ######  ########
     ##        ##  ##     ## ##       ##     ##  ##   ##  ##       ##
     ######    ##  ########  ######   ########  #########  ######  ######
     ##        ##  ##    ##  ##       ##     ## ##     ##       ## ##
     ##       #### ##     ## ######## ########  ##     ##  ######  ########

You're about to initialize a Firebase project in this directory:

  /home/rcjasub/Documents/github/Hunter-Hacks

